Archive member included because of file (symbol)

f:/programs/01- embedded systems avr tools-20221202t093403z-001/01- embedded systems avr tools/01- imt sdk/imt_sdk_win_32/winavr/bin/../lib/gcc/avr/4.3.3/avr5\libgcc.a(_mulsi3.o)
                              ./MCAL/TIMER0/TIMER0.o (__mulsi3)
f:/programs/01- embedded systems avr tools-20221202t093403z-001/01- embedded systems avr tools/01- imt sdk/imt_sdk_win_32/winavr/bin/../lib/gcc/avr/4.3.3/avr5\libgcc.a(_udivmodsi4.o)
                              ./MCAL/TIMER1/TIMER1.o (__udivmodsi4)
f:/programs/01- embedded systems avr tools-20221202t093403z-001/01- embedded systems avr tools/01- imt sdk/imt_sdk_win_32/winavr/bin/../lib/gcc/avr/4.3.3/avr5\libgcc.a(_exit.o)
                              f:/programs/01- embedded systems avr tools-20221202t093403z-001/01- embedded systems avr tools/01- imt sdk/imt_sdk_win_32/winavr/bin/../lib/gcc/avr/4.3.3/../../../../avr/lib/avr5/crtm32.o (exit)
f:/programs/01- embedded systems avr tools-20221202t093403z-001/01- embedded systems avr tools/01- imt sdk/imt_sdk_win_32/winavr/bin/../lib/gcc/avr/4.3.3/avr5\libgcc.a(_copy_data.o)
                              ./HAL/KEYPAD/KEYPAD.o (__do_copy_data)
f:/programs/01- embedded systems avr tools-20221202t093403z-001/01- embedded systems avr tools/01- imt sdk/imt_sdk_win_32/winavr/bin/../lib/gcc/avr/4.3.3/avr5\libgcc.a(_clear_bss.o)
                              ./MCAL/TIMER0/TIMER0.o (__do_clear_bss)
f:/programs/01- embedded systems avr tools-20221202t093403z-001/01- embedded systems avr tools/01- imt sdk/imt_sdk_win_32/winavr/bin/../lib/gcc/avr/4.3.3/avr5\libgcc.a(_fixunssfsi.o)
                              ./MCAL/TIMER1/TIMER1.o (__fixunssfsi)
f:/programs/01- embedded systems avr tools-20221202t093403z-001/01- embedded systems avr tools/01- imt sdk/imt_sdk_win_32/winavr/bin/../lib/gcc/avr/4.3.3/avr5\libgcc.a(_addsub_sf.o)
                              ./HAL/LCD/LCD.o (__subsf3)
f:/programs/01- embedded systems avr tools-20221202t093403z-001/01- embedded systems avr tools/01- imt sdk/imt_sdk_win_32/winavr/bin/../lib/gcc/avr/4.3.3/avr5\libgcc.a(_mul_sf.o)
                              ./MCAL/TIMER1/TIMER1.o (__mulsf3)
f:/programs/01- embedded systems avr tools-20221202t093403z-001/01- embedded systems avr tools/01- imt sdk/imt_sdk_win_32/winavr/bin/../lib/gcc/avr/4.3.3/avr5\libgcc.a(_div_sf.o)
                              ./MCAL/TIMER1/TIMER1.o (__divsf3)
f:/programs/01- embedded systems avr tools-20221202t093403z-001/01- embedded systems avr tools/01- imt sdk/imt_sdk_win_32/winavr/bin/../lib/gcc/avr/4.3.3/avr5\libgcc.a(_ge_sf.o)
                              f:/programs/01- embedded systems avr tools-20221202t093403z-001/01- embedded systems avr tools/01- imt sdk/imt_sdk_win_32/winavr/bin/../lib/gcc/avr/4.3.3/avr5\libgcc.a(_fixunssfsi.o) (__gesf2)
f:/programs/01- embedded systems avr tools-20221202t093403z-001/01- embedded systems avr tools/01- imt sdk/imt_sdk_win_32/winavr/bin/../lib/gcc/avr/4.3.3/avr5\libgcc.a(_lt_sf.o)
                              ./HAL/LCD/LCD.o (__ltsf2)
f:/programs/01- embedded systems avr tools-20221202t093403z-001/01- embedded systems avr tools/01- imt sdk/imt_sdk_win_32/winavr/bin/../lib/gcc/avr/4.3.3/avr5\libgcc.a(_si_to_sf.o)
                              ./MCAL/TIMER1/TIMER1.o (__floatsisf)
f:/programs/01- embedded systems avr tools-20221202t093403z-001/01- embedded systems avr tools/01- imt sdk/imt_sdk_win_32/winavr/bin/../lib/gcc/avr/4.3.3/avr5\libgcc.a(_sf_to_si.o)
                              f:/programs/01- embedded systems avr tools-20221202t093403z-001/01- embedded systems avr tools/01- imt sdk/imt_sdk_win_32/winavr/bin/../lib/gcc/avr/4.3.3/avr5\libgcc.a(_fixunssfsi.o) (__fixsfsi)
f:/programs/01- embedded systems avr tools-20221202t093403z-001/01- embedded systems avr tools/01- imt sdk/imt_sdk_win_32/winavr/bin/../lib/gcc/avr/4.3.3/avr5\libgcc.a(_thenan_sf.o)
                              f:/programs/01- embedded systems avr tools-20221202t093403z-001/01- embedded systems avr tools/01- imt sdk/imt_sdk_win_32/winavr/bin/../lib/gcc/avr/4.3.3/avr5\libgcc.a(_addsub_sf.o) (__thenan_sf)
f:/programs/01- embedded systems avr tools-20221202t093403z-001/01- embedded systems avr tools/01- imt sdk/imt_sdk_win_32/winavr/bin/../lib/gcc/avr/4.3.3/avr5\libgcc.a(_usi_to_sf.o)
                              ./MCAL/TIMER1/TIMER1.o (__floatunsisf)
f:/programs/01- embedded systems avr tools-20221202t093403z-001/01- embedded systems avr tools/01- imt sdk/imt_sdk_win_32/winavr/bin/../lib/gcc/avr/4.3.3/avr5\libgcc.a(_prologue.o)
                              f:/programs/01- embedded systems avr tools-20221202t093403z-001/01- embedded systems avr tools/01- imt sdk/imt_sdk_win_32/winavr/bin/../lib/gcc/avr/4.3.3/avr5\libgcc.a(_addsub_sf.o) (__prologue_saves__)
f:/programs/01- embedded systems avr tools-20221202t093403z-001/01- embedded systems avr tools/01- imt sdk/imt_sdk_win_32/winavr/bin/../lib/gcc/avr/4.3.3/avr5\libgcc.a(_epilogue.o)
                              f:/programs/01- embedded systems avr tools-20221202t093403z-001/01- embedded systems avr tools/01- imt sdk/imt_sdk_win_32/winavr/bin/../lib/gcc/avr/4.3.3/avr5\libgcc.a(_addsub_sf.o) (__epilogue_restores__)
f:/programs/01- embedded systems avr tools-20221202t093403z-001/01- embedded systems avr tools/01- imt sdk/imt_sdk_win_32/winavr/bin/../lib/gcc/avr/4.3.3/avr5\libgcc.a(_clzsi2.o)
                              f:/programs/01- embedded systems avr tools-20221202t093403z-001/01- embedded systems avr tools/01- imt sdk/imt_sdk_win_32/winavr/bin/../lib/gcc/avr/4.3.3/avr5\libgcc.a(_si_to_sf.o) (__clzsi2)
f:/programs/01- embedded systems avr tools-20221202t093403z-001/01- embedded systems avr tools/01- imt sdk/imt_sdk_win_32/winavr/bin/../lib/gcc/avr/4.3.3/avr5\libgcc.a(_pack_sf.o)
                              f:/programs/01- embedded systems avr tools-20221202t093403z-001/01- embedded systems avr tools/01- imt sdk/imt_sdk_win_32/winavr/bin/../lib/gcc/avr/4.3.3/avr5\libgcc.a(_addsub_sf.o) (__pack_f)
f:/programs/01- embedded systems avr tools-20221202t093403z-001/01- embedded systems avr tools/01- imt sdk/imt_sdk_win_32/winavr/bin/../lib/gcc/avr/4.3.3/avr5\libgcc.a(_unpack_sf.o)
                              f:/programs/01- embedded systems avr tools-20221202t093403z-001/01- embedded systems avr tools/01- imt sdk/imt_sdk_win_32/winavr/bin/../lib/gcc/avr/4.3.3/avr5\libgcc.a(_addsub_sf.o) (__unpack_f)
f:/programs/01- embedded systems avr tools-20221202t093403z-001/01- embedded systems avr tools/01- imt sdk/imt_sdk_win_32/winavr/bin/../lib/gcc/avr/4.3.3/avr5\libgcc.a(_fpcmp_parts_sf.o)
                              f:/programs/01- embedded systems avr tools-20221202t093403z-001/01- embedded systems avr tools/01- imt sdk/imt_sdk_win_32/winavr/bin/../lib/gcc/avr/4.3.3/avr5\libgcc.a(_ge_sf.o) (__fpcmp_parts_f)
f:/programs/01- embedded systems avr tools-20221202t093403z-001/01- embedded systems avr tools/01- imt sdk/imt_sdk_win_32/winavr/bin/../lib/gcc/avr/4.3.3/avr5\libgcc.a(_clz.o)
                              f:/programs/01- embedded systems avr tools-20221202t093403z-001/01- embedded systems avr tools/01- imt sdk/imt_sdk_win_32/winavr/bin/../lib/gcc/avr/4.3.3/avr5\libgcc.a(_clzsi2.o) (__clz_tab)

Allocating common symbols
Common symbol       size              file

EXT0_PF             0x2               ./MCAL/EXT_INT/EXT_INT.o
EXT2_PF             0x2               ./MCAL/EXT_INT/EXT_INT.o
TIMER0_CALL_BACK_PF
                    0x2               ./MCAL/TIMER0/TIMER0.o
EXT1_PF             0x2               ./MCAL/EXT_INT/EXT_INT.o

Memory Configuration

Name             Origin             Length             Attributes
text             0x00000000         0x00020000         xr
data             0x00800060         0x0000ffa0         rw !x
eeprom           0x00810000         0x00010000         rw !x
fuse             0x00820000         0x00000400         rw !x
lock             0x00830000         0x00000400         rw !x
signature        0x00840000         0x00000400         rw !x
*default*        0x00000000         0xffffffff

Linker script and memory map

LOAD f:/programs/01- embedded systems avr tools-20221202t093403z-001/01- embedded systems avr tools/01- imt sdk/imt_sdk_win_32/winavr/bin/../lib/gcc/avr/4.3.3/../../../../avr/lib/avr5/crtm32.o
LOAD ./MCAL/WDT/WDT.o
LOAD ./MCAL/TWI/TWI.o
LOAD ./MCAL/TIMER1/TIMER1.o
LOAD ./MCAL/TIMER0/TIMER0.o
LOAD ./MCAL/GLOBAL_INT/GLOBAL_INT.o
LOAD ./MCAL/EXT_INT/EXT_INT.o
LOAD ./MCAL/DIO/DIO.o
LOAD ./MCAL/ADC/ADC.o
LOAD ./HAL/TEMP_SENSOR/TEMP_SENSOR.o
LOAD ./HAL/SWITCH/SWITCH.o
LOAD ./HAL/LED/LED.o
LOAD ./HAL/LDR/LDR.o
LOAD ./HAL/LCD/LCD.o
LOAD ./HAL/KEYPAD/KEYPAD.o
LOAD ./HAL/EEPROM/EEPROM.o
LOAD ./HAL/DC_MOTOR/DC_MOTOR.o
LOAD ./main.o
LOAD f:/programs/01- embedded systems avr tools-20221202t093403z-001/01- embedded systems avr tools/01- imt sdk/imt_sdk_win_32/winavr/bin/../lib/gcc/avr/4.3.3/avr5\libgcc.a
LOAD f:/programs/01- embedded systems avr tools-20221202t093403z-001/01- embedded systems avr tools/01- imt sdk/imt_sdk_win_32/winavr/bin/../lib/gcc/avr/4.3.3/../../../../avr/lib/avr5\libc.a
LOAD f:/programs/01- embedded systems avr tools-20221202t093403z-001/01- embedded systems avr tools/01- imt sdk/imt_sdk_win_32/winavr/bin/../lib/gcc/avr/4.3.3/avr5\libgcc.a

.hash
 *(.hash)

.dynsym
 *(.dynsym)

.dynstr
 *(.dynstr)

.gnu.version
 *(.gnu.version)

.gnu.version_d
 *(.gnu.version_d)

.gnu.version_r
 *(.gnu.version_r)

.rel.init
 *(.rel.init)

.rela.init
 *(.rela.init)

.rel.text
 *(.rel.text)
 *(.rel.text.*)
 *(.rel.gnu.linkonce.t*)

.rela.text
 *(.rela.text)
 *(.rela.text.*)
 *(.rela.gnu.linkonce.t*)

.rel.fini
 *(.rel.fini)

.rela.fini
 *(.rela.fini)

.rel.rodata
 *(.rel.rodata)
 *(.rel.rodata.*)
 *(.rel.gnu.linkonce.r*)

.rela.rodata
 *(.rela.rodata)
 *(.rela.rodata.*)
 *(.rela.gnu.linkonce.r*)

.rel.data
 *(.rel.data)
 *(.rel.data.*)
 *(.rel.gnu.linkonce.d*)

.rela.data
 *(.rela.data)
 *(.rela.data.*)
 *(.rela.gnu.linkonce.d*)

.rel.ctors
 *(.rel.ctors)

.rela.ctors
 *(.rela.ctors)

.rel.dtors
 *(.rel.dtors)

.rela.dtors
 *(.rela.dtors)

.rel.got
 *(.rel.got)

.rela.got
 *(.rela.got)

.rel.bss
 *(.rel.bss)

.rela.bss
 *(.rela.bss)

.rel.plt
 *(.rel.plt)

.rela.plt
 *(.rela.plt)

.text           0x00000000     0x28ca
 *(.vectors)
 .vectors       0x00000000       0x54 f:/programs/01- embedded systems avr tools-20221202t093403z-001/01- embedded systems avr tools/01- imt sdk/imt_sdk_win_32/winavr/bin/../lib/gcc/avr/4.3.3/../../../../avr/lib/avr5/crtm32.o
                0x00000000                __vectors
                0x00000000                __vector_default
 *(.vectors)
 *(.progmem.gcc*)
 *(.progmem*)
                0x00000054                . = ALIGN (0x2)
                0x00000054                __trampolines_start = .
 *(.trampolines)
 .trampolines   0x00000054        0x0 linker stubs
 *(.trampolines*)
                0x00000054                __trampolines_end = .
 *(.jumptables)
 *(.jumptables*)
 *(.lowtext)
 *(.lowtext*)
                0x00000054                __ctors_start = .
 *(.ctors)
                0x00000054                __ctors_end = .
                0x00000054                __dtors_start = .
 *(.dtors)
                0x00000054                __dtors_end = .
 SORT(*)(.ctors)
 SORT(*)(.dtors)
 *(.init0)
 .init0         0x00000054        0x0 f:/programs/01- embedded systems avr tools-20221202t093403z-001/01- embedded systems avr tools/01- imt sdk/imt_sdk_win_32/winavr/bin/../lib/gcc/avr/4.3.3/../../../../avr/lib/avr5/crtm32.o
                0x00000054                __init
 *(.init0)
 *(.init1)
 *(.init1)
 *(.init2)
 .init2         0x00000054        0xc f:/programs/01- embedded systems avr tools-20221202t093403z-001/01- embedded systems avr tools/01- imt sdk/imt_sdk_win_32/winavr/bin/../lib/gcc/avr/4.3.3/../../../../avr/lib/avr5/crtm32.o
 *(.init2)
 *(.init3)
 *(.init3)
 *(.init4)
 .init4         0x00000060       0x16 f:/programs/01- embedded systems avr tools-20221202t093403z-001/01- embedded systems avr tools/01- imt sdk/imt_sdk_win_32/winavr/bin/../lib/gcc/avr/4.3.3/avr5\libgcc.a(_copy_data.o)
                0x00000060                __do_copy_data
 .init4         0x00000076       0x10 f:/programs/01- embedded systems avr tools-20221202t093403z-001/01- embedded systems avr tools/01- imt sdk/imt_sdk_win_32/winavr/bin/../lib/gcc/avr/4.3.3/avr5\libgcc.a(_clear_bss.o)
                0x00000076                __do_clear_bss
 *(.init4)
 *(.init5)
 *(.init5)
 *(.init6)
 *(.init6)
 *(.init7)
 *(.init7)
 *(.init8)
 *(.init8)
 *(.init9)
 .init9         0x00000086        0x8 f:/programs/01- embedded systems avr tools-20221202t093403z-001/01- embedded systems avr tools/01- imt sdk/imt_sdk_win_32/winavr/bin/../lib/gcc/avr/4.3.3/../../../../avr/lib/avr5/crtm32.o
 *(.init9)
 *(.text)
 .text          0x0000008e        0x4 f:/programs/01- embedded systems avr tools-20221202t093403z-001/01- embedded systems avr tools/01- imt sdk/imt_sdk_win_32/winavr/bin/../lib/gcc/avr/4.3.3/../../../../avr/lib/avr5/crtm32.o
                0x0000008e                __vector_12
                0x0000008e                __bad_interrupt
                0x0000008e                __vector_6
                0x0000008e                __vector_13
                0x0000008e                __vector_17
                0x0000008e                __vector_19
                0x0000008e                __vector_7
                0x0000008e                __vector_5
                0x0000008e                __vector_4
                0x0000008e                __vector_9
                0x0000008e                __vector_15
                0x0000008e                __vector_8
                0x0000008e                __vector_14
                0x0000008e                __vector_16
                0x0000008e                __vector_18
                0x0000008e                __vector_20
 .text          0x00000092        0x0 ./MCAL/WDT/WDT.o
 .text          0x00000092        0x0 ./MCAL/TWI/TWI.o
 .text          0x00000092        0x0 ./MCAL/TIMER1/TIMER1.o
 .text          0x00000092        0x0 ./MCAL/TIMER0/TIMER0.o
 .text          0x00000092        0x0 ./MCAL/GLOBAL_INT/GLOBAL_INT.o
 .text          0x00000092        0x0 ./MCAL/EXT_INT/EXT_INT.o
 .text          0x00000092        0x0 ./MCAL/DIO/DIO.o
 .text          0x00000092        0x0 ./MCAL/ADC/ADC.o
 .text          0x00000092        0x0 ./HAL/TEMP_SENSOR/TEMP_SENSOR.o
 .text          0x00000092        0x0 ./HAL/SWITCH/SWITCH.o
 .text          0x00000092        0x0 ./HAL/LED/LED.o
 .text          0x00000092        0x0 ./HAL/LDR/LDR.o
 .text          0x00000092        0x0 ./HAL/LCD/LCD.o
 .text          0x00000092        0x0 ./HAL/KEYPAD/KEYPAD.o
 .text          0x00000092        0x0 ./HAL/EEPROM/EEPROM.o
 .text          0x00000092        0x0 ./HAL/DC_MOTOR/DC_MOTOR.o
 .text          0x00000092        0x0 ./main.o
 .text          0x00000092        0x0 f:/programs/01- embedded systems avr tools-20221202t093403z-001/01- embedded systems avr tools/01- imt sdk/imt_sdk_win_32/winavr/bin/../lib/gcc/avr/4.3.3/avr5\libgcc.a(_mulsi3.o)
 .text          0x00000092        0x0 f:/programs/01- embedded systems avr tools-20221202t093403z-001/01- embedded systems avr tools/01- imt sdk/imt_sdk_win_32/winavr/bin/../lib/gcc/avr/4.3.3/avr5\libgcc.a(_udivmodsi4.o)
 .text          0x00000092        0x0 f:/programs/01- embedded systems avr tools-20221202t093403z-001/01- embedded systems avr tools/01- imt sdk/imt_sdk_win_32/winavr/bin/../lib/gcc/avr/4.3.3/avr5\libgcc.a(_exit.o)
 .text          0x00000092        0x0 f:/programs/01- embedded systems avr tools-20221202t093403z-001/01- embedded systems avr tools/01- imt sdk/imt_sdk_win_32/winavr/bin/../lib/gcc/avr/4.3.3/avr5\libgcc.a(_copy_data.o)
 .text          0x00000092        0x0 f:/programs/01- embedded systems avr tools-20221202t093403z-001/01- embedded systems avr tools/01- imt sdk/imt_sdk_win_32/winavr/bin/../lib/gcc/avr/4.3.3/avr5\libgcc.a(_clear_bss.o)
 .text          0x00000092       0x58 f:/programs/01- embedded systems avr tools-20221202t093403z-001/01- embedded systems avr tools/01- imt sdk/imt_sdk_win_32/winavr/bin/../lib/gcc/avr/4.3.3/avr5\libgcc.a(_fixunssfsi.o)
                0x00000092                __fixunssfsi
 .text          0x000000ea      0x354 f:/programs/01- embedded systems avr tools-20221202t093403z-001/01- embedded systems avr tools/01- imt sdk/imt_sdk_win_32/winavr/bin/../lib/gcc/avr/4.3.3/avr5\libgcc.a(_addsub_sf.o)
                0x00000382                __subsf3
                0x000003e4                __addsf3
 .text          0x0000043e      0x1f4 f:/programs/01- embedded systems avr tools-20221202t093403z-001/01- embedded systems avr tools/01- imt sdk/imt_sdk_win_32/winavr/bin/../lib/gcc/avr/4.3.3/avr5\libgcc.a(_mul_sf.o)
                0x0000043e                __mulsf3
 .text          0x00000632      0x158 f:/programs/01- embedded systems avr tools-20221202t093403z-001/01- embedded systems avr tools/01- imt sdk/imt_sdk_win_32/winavr/bin/../lib/gcc/avr/4.3.3/avr5\libgcc.a(_div_sf.o)
                0x00000632                __divsf3
 .text          0x0000078a       0x60 f:/programs/01- embedded systems avr tools-20221202t093403z-001/01- embedded systems avr tools/01- imt sdk/imt_sdk_win_32/winavr/bin/../lib/gcc/avr/4.3.3/avr5\libgcc.a(_ge_sf.o)
                0x0000078a                __gesf2
 .text          0x000007ea       0x60 f:/programs/01- embedded systems avr tools-20221202t093403z-001/01- embedded systems avr tools/01- imt sdk/imt_sdk_win_32/winavr/bin/../lib/gcc/avr/4.3.3/avr5\libgcc.a(_lt_sf.o)
                0x000007ea                __ltsf2
 .text          0x0000084a       0xbc f:/programs/01- embedded systems avr tools-20221202t093403z-001/01- embedded systems avr tools/01- imt sdk/imt_sdk_win_32/winavr/bin/../lib/gcc/avr/4.3.3/avr5\libgcc.a(_si_to_sf.o)
                0x0000084a                __floatsisf
 .text          0x00000906       0xa8 f:/programs/01- embedded systems avr tools-20221202t093403z-001/01- embedded systems avr tools/01- imt sdk/imt_sdk_win_32/winavr/bin/../lib/gcc/avr/4.3.3/avr5\libgcc.a(_sf_to_si.o)
                0x00000906                __fixsfsi
 .text          0x000009ae        0x0 f:/programs/01- embedded systems avr tools-20221202t093403z-001/01- embedded systems avr tools/01- imt sdk/imt_sdk_win_32/winavr/bin/../lib/gcc/avr/4.3.3/avr5\libgcc.a(_thenan_sf.o)
 .text          0x000009ae       0xf2 f:/programs/01- embedded systems avr tools-20221202t093403z-001/01- embedded systems avr tools/01- imt sdk/imt_sdk_win_32/winavr/bin/../lib/gcc/avr/4.3.3/avr5\libgcc.a(_usi_to_sf.o)
                0x000009ae                __floatunsisf
 .text          0x00000aa0        0x0 f:/programs/01- embedded systems avr tools-20221202t093403z-001/01- embedded systems avr tools/01- imt sdk/imt_sdk_win_32/winavr/bin/../lib/gcc/avr/4.3.3/avr5\libgcc.a(_prologue.o)
 .text          0x00000aa0        0x0 f:/programs/01- embedded systems avr tools-20221202t093403z-001/01- embedded systems avr tools/01- imt sdk/imt_sdk_win_32/winavr/bin/../lib/gcc/avr/4.3.3/avr5\libgcc.a(_epilogue.o)
 .text          0x00000aa0       0x9e f:/programs/01- embedded systems avr tools-20221202t093403z-001/01- embedded systems avr tools/01- imt sdk/imt_sdk_win_32/winavr/bin/../lib/gcc/avr/4.3.3/avr5\libgcc.a(_clzsi2.o)
                0x00000aa0                __clzsi2
 .text          0x00000b3e      0x1aa f:/programs/01- embedded systems avr tools-20221202t093403z-001/01- embedded systems avr tools/01- imt sdk/imt_sdk_win_32/winavr/bin/../lib/gcc/avr/4.3.3/avr5\libgcc.a(_pack_sf.o)
                0x00000b3e                __pack_f
 .text          0x00000ce8       0xf0 f:/programs/01- embedded systems avr tools-20221202t093403z-001/01- embedded systems avr tools/01- imt sdk/imt_sdk_win_32/winavr/bin/../lib/gcc/avr/4.3.3/avr5\libgcc.a(_unpack_sf.o)
                0x00000ce8                __unpack_f
 .text          0x00000dd8       0xb2 f:/programs/01- embedded systems avr tools-20221202t093403z-001/01- embedded systems avr tools/01- imt sdk/imt_sdk_win_32/winavr/bin/../lib/gcc/avr/4.3.3/avr5\libgcc.a(_fpcmp_parts_sf.o)
                0x00000dd8                __fpcmp_parts_f
 .text          0x00000e8a        0x0 f:/programs/01- embedded systems avr tools-20221202t093403z-001/01- embedded systems avr tools/01- imt sdk/imt_sdk_win_32/winavr/bin/../lib/gcc/avr/4.3.3/avr5\libgcc.a(_clz.o)
                0x00000e8a                . = ALIGN (0x2)
 *(.text.*)
 .text.WDT_START
                0x00000e8a        0x8 ./MCAL/WDT/WDT.o
                0x00000e8a                WDT_START
 .text.WDT_CLEAR
                0x00000e92        0x4 ./MCAL/WDT/WDT.o
                0x00000e92                WDT_CLEAR
 .text.WDT_SetTimeOut
                0x00000e96       0x88 ./MCAL/WDT/WDT.o
                0x00000e96                WDT_SetTimeOut
 .text.TWI_MasterInit
                0x00000f1e       0x16 ./MCAL/TWI/TWI.o
                0x00000f1e                TWI_MasterInit
 .text.TWI_SlaveInit
                0x00000f34       0x12 ./MCAL/TWI/TWI.o
                0x00000f34                TWI_SlaveInit
 .text.TWI_StartCondition
                0x00000f46       0x1c ./MCAL/TWI/TWI.o
                0x00000f46                TWI_StartCondition
 .text.TWI_StopCondition
                0x00000f62        0xe ./MCAL/TWI/TWI.o
                0x00000f62                TWI_StopCondition
 .text.TWI_SendSlaveAddressWithWrite
                0x00000f70       0x22 ./MCAL/TWI/TWI.o
                0x00000f70                TWI_SendSlaveAddressWithWrite
 .text.TWI_SendSlaveAddressWithRead
                0x00000f92       0x22 ./MCAL/TWI/TWI.o
                0x00000f92                TWI_SendSlaveAddressWithRead
 .text.TWI_MasterWriteData
                0x00000fb4       0x18 ./MCAL/TWI/TWI.o
                0x00000fb4                TWI_MasterWriteData
 .text.TWI_MasterReadData
                0x00000fcc       0x18 ./MCAL/TWI/TWI.o
                0x00000fcc                TWI_MasterReadData
 .text.TWI_RepeatedStartCondition
                0x00000fe4       0x1c ./MCAL/TWI/TWI.o
                0x00000fe4                TWI_RepeatedStartCondition
 .text.TWI_SlaveReceiveData
                0x00001000       0x20 ./MCAL/TWI/TWI.o
                0x00001000                TWI_SlaveReceiveData
 .text.PWM1_Init
                0x00001020       0x26 ./MCAL/TIMER1/TIMER1.o
                0x00001020                PWM1_Init
 .text.PWM1_SetDutyCycle
                0x00001046       0x66 ./MCAL/TIMER1/TIMER1.o
                0x00001046                PWM1_SetDutyCycle
 .text.PWM1_SetFrequency
                0x000010ac       0x28 ./MCAL/TIMER1/TIMER1.o
                0x000010ac                PWM1_SetFrequency
 .text.PWM1_Start
                0x000010d4       0x14 ./MCAL/TIMER1/TIMER1.o
                0x000010d4                PWM1_Start
 .text.PWM1_Stop
                0x000010e8       0x14 ./MCAL/TIMER1/TIMER1.o
                0x000010e8                PWM1_Stop
 .text.TIMER0_Reset
                0x000010fc       0x14 ./MCAL/TIMER0/TIMER0.o
                0x000010fc                TIMER0_Reset
 .text.TIMER0_Start
                0x00001110       0x68 ./MCAL/TIMER0/TIMER0.o
                0x00001110                TIMER0_Start
 .text.TIMER0_Stop
                0x00001178       0x14 ./MCAL/TIMER0/TIMER0.o
                0x00001178                TIMER0_Stop
 .text.TIMER0_SetTime
                0x0000118c       0xfe ./MCAL/TIMER0/TIMER0.o
                0x0000118c                TIMER0_SetTime
 .text.TIMER0_SET_OC0_PIN
                0x0000128a       0x32 ./MCAL/TIMER0/TIMER0.o
                0x0000128a                TIMER0_SET_OC0_PIN
 .text.TIMER0_Set_CTC
                0x000012bc        0x4 ./MCAL/TIMER0/TIMER0.o
                0x000012bc                TIMER0_Set_CTC
 .text.TIMER0_CallBack
                0x000012c0        0xa ./MCAL/TIMER0/TIMER0.o
                0x000012c0                TIMER0_CallBack
 .text.__vector_11
                0x000012ca       0xa4 ./MCAL/TIMER0/TIMER0.o
                0x000012ca                __vector_11
 .text.__vector_10
                0x0000136e       0x9e ./MCAL/TIMER0/TIMER0.o
                0x0000136e                __vector_10
 .text.TIMER0_Init
                0x0000140c       0x18 ./MCAL/TIMER0/TIMER0.o
                0x0000140c                TIMER0_Init
 .text.GI_Enable
                0x00001424        0x8 ./MCAL/GLOBAL_INT/GLOBAL_INT.o
                0x00001424                GI_Enable
 .text.GI_Disable
                0x0000142c        0x8 ./MCAL/GLOBAL_INT/GLOBAL_INT.o
                0x0000142c                GI_Disable
 .text.EXT_INT_Enable
                0x00001434       0x28 ./MCAL/EXT_INT/EXT_INT.o
                0x00001434                EXT_INT_Enable
 .text.EXT_INT_Disable
                0x0000145c       0x28 ./MCAL/EXT_INT/EXT_INT.o
                0x0000145c                EXT_INT_Disable
 .text.EXT_INT_SenseControl
                0x00001484       0xa4 ./MCAL/EXT_INT/EXT_INT.o
                0x00001484                EXT_INT_SenseControl
 .text.EXT_INT_ReturnFlag
                0x00001528       0x38 ./MCAL/EXT_INT/EXT_INT.o
                0x00001528                EXT_INT_ReturnFlag
 .text.EXT_INT1_CallBack
                0x00001560        0xa ./MCAL/EXT_INT/EXT_INT.o
                0x00001560                EXT_INT1_CallBack
 .text.EXT_INT0_CallBack
                0x0000156a        0xa ./MCAL/EXT_INT/EXT_INT.o
                0x0000156a                EXT_INT0_CallBack
 .text.EXT_INT2_CallBack
                0x00001574        0xa ./MCAL/EXT_INT/EXT_INT.o
                0x00001574                EXT_INT2_CallBack
 .text.__vector_2
                0x0000157e       0x4e ./MCAL/EXT_INT/EXT_INT.o
                0x0000157e                __vector_2
 .text.__vector_1
                0x000015cc       0x4e ./MCAL/EXT_INT/EXT_INT.o
                0x000015cc                __vector_1
 .text.__vector_3
                0x0000161a       0x4e ./MCAL/EXT_INT/EXT_INT.o
                0x0000161a                __vector_3
 .text.DIO_INIT
                0x00001668       0x22 ./MCAL/DIO/DIO.o
                0x00001668                DIO_INIT
 .text.DIO_SetPinDirection
                0x0000168a       0xf8 ./MCAL/DIO/DIO.o
                0x0000168a                DIO_SetPinDirection
 .text.DIO_SetPinValue
                0x00001782       0xf8 ./MCAL/DIO/DIO.o
                0x00001782                DIO_SetPinValue
 .text.DIO_ReadPin
                0x0000187a       0x54 ./MCAL/DIO/DIO.o
                0x0000187a                DIO_ReadPin
 .text.DIO_TogglePin
                0x000018ce       0x78 ./MCAL/DIO/DIO.o
                0x000018ce                DIO_TogglePin
 .text.DIO_SetPortDirection
                0x00001946       0x5a ./MCAL/DIO/DIO.o
                0x00001946                DIO_SetPortDirection
 .text.DIO_SetPortValue
                0x000019a0       0x5a ./MCAL/DIO/DIO.o
                0x000019a0                DIO_SetPortValue
 .text.DIO_ReadPort
                0x000019fa       0x38 ./MCAL/DIO/DIO.o
                0x000019fa                DIO_ReadPort
 .text.DIO_TogglePort
                0x00001a32       0x3c ./MCAL/DIO/DIO.o
                0x00001a32                DIO_TogglePort
 .text.ADC_Init
                0x00001a6e       0x12 ./MCAL/ADC/ADC.o
                0x00001a6e                ADC_Init
 .text.ADC_READ
                0x00001a80       0x62 ./MCAL/ADC/ADC.o
                0x00001a80                ADC_READ
 .text.TEMP_Reading
                0x00001ae2       0x3e ./HAL/TEMP_SENSOR/TEMP_SENSOR.o
                0x00001ae2                TEMP_Reading
 .text.SWITCH_DIPTHREE_INIT
                0x00001b20        0x8 ./HAL/SWITCH/SWITCH.o
                0x00001b20                SWITCH_DIPTHREE_INIT
 .text.SWITCH_GET_VAL
                0x00001b28       0x1e ./HAL/SWITCH/SWITCH.o
                0x00001b28                SWITCH_GET_VAL
 .text.SWITCH_INIT
                0x00001b46        0x8 ./HAL/SWITCH/SWITCH.o
                0x00001b46                SWITCH_INIT
 .text.LED_TOG  0x00001b4e        0x6 ./HAL/LED/LED.o
                0x00001b4e                LED_TOG
 .text.LED_OFF  0x00001b54        0x8 ./HAL/LED/LED.o
                0x00001b54                LED_OFF
 .text.LED_ON   0x00001b5c        0x8 ./HAL/LED/LED.o
                0x00001b5c                LED_ON
 .text.LED_INIT
                0x00001b64        0x8 ./HAL/LED/LED.o
                0x00001b64                LED_INIT
 .text.LDR_Reading
                0x00001b6c       0x22 ./HAL/LDR/LDR.o
                0x00001b6c                LDR_Reading
 .text.LDR_Intensity_Level
                0x00001b8e       0x52 ./HAL/LDR/LDR.o
                0x00001b8e                LDR_Intensity_Level
 .text.LCD_WriteCharacter
                0x00001be0       0x4c ./HAL/LCD/LCD.o
                0x00001be0                LCD_WriteCharacter
 .text.LCD_WriteFloattttNumber
                0x00001c2c      0x21c ./HAL/LCD/LCD.o
                0x00001c2c                LCD_WriteFloattttNumber
 .text.LCD_WriteIntNumber
                0x00001e48      0x1ce ./HAL/LCD/LCD.o
                0x00001e48                LCD_WriteIntNumber
 .text.LCD_WriteString
                0x00002016       0x26 ./HAL/LCD/LCD.o
                0x00002016                LCD_WriteString
 .text.LCD_WriteInstruction
                0x0000203c       0x4c ./HAL/LCD/LCD.o
                0x0000203c                LCD_WriteInstruction
 .text.LCD_WriteCustomChar
                0x00002088       0x3e ./HAL/LCD/LCD.o
                0x00002088                LCD_WriteCustomChar
 .text.LCD_GoTo
                0x000020c6       0x1e ./HAL/LCD/LCD.o
                0x000020c6                LCD_GoTo
 .text.LCD_8bit_INT
                0x000020e4       0x52 ./HAL/LCD/LCD.o
                0x000020e4                LCD_8bit_INT
 .text.KEYPAD_GetKeyPressed
                0x00002136       0xc0 ./HAL/KEYPAD/KEYPAD.o
                0x00002136                KEYPAD_GetKeyPressed
 .text.KEYPAD_INIT
                0x000021f6       0x12 ./HAL/KEYPAD/KEYPAD.o
                0x000021f6                KEYPAD_INIT
 .text.EEPROM_ReadByte
                0x00002208       0x38 ./HAL/EEPROM/EEPROM.o
                0x00002208                EEPROM_ReadByte
 .text.EEPROM_WriteByte
                0x00002240       0x32 ./HAL/EEPROM/EEPROM.o
                0x00002240                EEPROM_WriteByte
 .text.MOTOR_Stop
                0x00002272       0x16 ./HAL/DC_MOTOR/DC_MOTOR.o
                0x00002272                MOTOR_Stop
 .text.MOTOR_AntiClockWise
                0x00002288       0x16 ./HAL/DC_MOTOR/DC_MOTOR.o
                0x00002288                MOTOR_AntiClockWise
 .text.MOTOR_ClockWise
                0x0000229e       0x16 ./HAL/DC_MOTOR/DC_MOTOR.o
                0x0000229e                MOTOR_ClockWise
 .text.MOTOR_INIT
                0x000022b4       0x16 ./HAL/DC_MOTOR/DC_MOTOR.o
                0x000022b4                MOTOR_INIT
 .text.extIntFunc
                0x000022ca        0xc ./main.o
                0x000022ca                extIntFunc
 .text.timer0Func
                0x000022d6        0xc ./main.o
                0x000022d6                timer0Func
 .text.resetFunc
                0x000022e2       0x5e ./main.o
                0x000022e2                resetFunc
 .text.checkPassFunc
                0x00002340      0x102 ./main.o
                0x00002340                checkPassFunc
 .text.getUserPassword
                0x00002442       0x4c ./main.o
                0x00002442                getUserPassword
 .text.getdefaultPassword
                0x0000248e       0x4a ./main.o
                0x0000248e                getdefaultPassword
 .text.main     0x000024d8      0x2fe ./main.o
                0x000024d8                main
 .text.libgcc   0x000027d6       0x3e f:/programs/01- embedded systems avr tools-20221202t093403z-001/01- embedded systems avr tools/01- imt sdk/imt_sdk_win_32/winavr/bin/../lib/gcc/avr/4.3.3/avr5\libgcc.a(_mulsi3.o)
                0x000027d6                __mulsi3
 .text.libgcc   0x00002814       0x44 f:/programs/01- embedded systems avr tools-20221202t093403z-001/01- embedded systems avr tools/01- imt sdk/imt_sdk_win_32/winavr/bin/../lib/gcc/avr/4.3.3/avr5\libgcc.a(_udivmodsi4.o)
                0x00002814                __udivmodsi4
 .text.libgcc   0x00002858        0x0 f:/programs/01- embedded systems avr tools-20221202t093403z-001/01- embedded systems avr tools/01- imt sdk/imt_sdk_win_32/winavr/bin/../lib/gcc/avr/4.3.3/avr5\libgcc.a(_exit.o)
 .text.libgcc   0x00002858        0x0 f:/programs/01- embedded systems avr tools-20221202t093403z-001/01- embedded systems avr tools/01- imt sdk/imt_sdk_win_32/winavr/bin/../lib/gcc/avr/4.3.3/avr5\libgcc.a(_copy_data.o)
 .text.libgcc   0x00002858        0x0 f:/programs/01- embedded systems avr tools-20221202t093403z-001/01- embedded systems avr tools/01- imt sdk/imt_sdk_win_32/winavr/bin/../lib/gcc/avr/4.3.3/avr5\libgcc.a(_clear_bss.o)
 .text.libgcc   0x00002858       0x38 f:/programs/01- embedded systems avr tools-20221202t093403z-001/01- embedded systems avr tools/01- imt sdk/imt_sdk_win_32/winavr/bin/../lib/gcc/avr/4.3.3/avr5\libgcc.a(_prologue.o)
                0x00002858                __prologue_saves__
 .text.libgcc   0x00002890       0x36 f:/programs/01- embedded systems avr tools-20221202t093403z-001/01- embedded systems avr tools/01- imt sdk/imt_sdk_win_32/winavr/bin/../lib/gcc/avr/4.3.3/avr5\libgcc.a(_epilogue.o)
                0x00002890                __epilogue_restores__
                0x000028c6                . = ALIGN (0x2)
 *(.fini9)
 .fini9         0x000028c6        0x0 f:/programs/01- embedded systems avr tools-20221202t093403z-001/01- embedded systems avr tools/01- imt sdk/imt_sdk_win_32/winavr/bin/../lib/gcc/avr/4.3.3/avr5\libgcc.a(_exit.o)
                0x000028c6                exit
                0x000028c6                _exit
 *(.fini9)
 *(.fini8)
 *(.fini8)
 *(.fini7)
 *(.fini7)
 *(.fini6)
 *(.fini6)
 *(.fini5)
 *(.fini5)
 *(.fini4)
 *(.fini4)
 *(.fini3)
 *(.fini3)
 *(.fini2)
 *(.fini2)
 *(.fini1)
 *(.fini1)
 *(.fini0)
 .fini0         0x000028c6        0x4 f:/programs/01- embedded systems avr tools-20221202t093403z-001/01- embedded systems avr tools/01- imt sdk/imt_sdk_win_32/winavr/bin/../lib/gcc/avr/4.3.3/avr5\libgcc.a(_exit.o)
 *(.fini0)
                0x000028ca                _etext = .

.data           0x00800060      0x19a load address 0x000028ca
                0x00800060                PROVIDE (__data_start, .)
 *(.data)
 .data          0x00800060        0x0 f:/programs/01- embedded systems avr tools-20221202t093403z-001/01- embedded systems avr tools/01- imt sdk/imt_sdk_win_32/winavr/bin/../lib/gcc/avr/4.3.3/../../../../avr/lib/avr5/crtm32.o
 .data          0x00800060        0x0 ./MCAL/WDT/WDT.o
 .data          0x00800060        0x0 ./MCAL/TWI/TWI.o
 .data          0x00800060        0x0 ./MCAL/TIMER1/TIMER1.o
 .data          0x00800060        0x0 ./MCAL/TIMER0/TIMER0.o
 .data          0x00800060        0x0 ./MCAL/GLOBAL_INT/GLOBAL_INT.o
 .data          0x00800060        0x0 ./MCAL/EXT_INT/EXT_INT.o
 .data          0x00800060        0x0 ./MCAL/DIO/DIO.o
 .data          0x00800060        0x0 ./MCAL/ADC/ADC.o
 .data          0x00800060        0x0 ./HAL/TEMP_SENSOR/TEMP_SENSOR.o
 .data          0x00800060        0x0 ./HAL/SWITCH/SWITCH.o
 .data          0x00800060        0x0 ./HAL/LED/LED.o
 .data          0x00800060        0x0 ./HAL/LDR/LDR.o
 .data          0x00800060        0x0 ./HAL/LCD/LCD.o
 .data          0x00800060        0x0 ./HAL/KEYPAD/KEYPAD.o
 .data          0x00800060        0x0 ./HAL/EEPROM/EEPROM.o
 .data          0x00800060        0x0 ./HAL/DC_MOTOR/DC_MOTOR.o
 .data          0x00800060       0x7c ./main.o
 .data          0x008000dc        0x0 f:/programs/01- embedded systems avr tools-20221202t093403z-001/01- embedded systems avr tools/01- imt sdk/imt_sdk_win_32/winavr/bin/../lib/gcc/avr/4.3.3/avr5\libgcc.a(_mulsi3.o)
 .data          0x008000dc        0x0 f:/programs/01- embedded systems avr tools-20221202t093403z-001/01- embedded systems avr tools/01- imt sdk/imt_sdk_win_32/winavr/bin/../lib/gcc/avr/4.3.3/avr5\libgcc.a(_udivmodsi4.o)
 .data          0x008000dc        0x0 f:/programs/01- embedded systems avr tools-20221202t093403z-001/01- embedded systems avr tools/01- imt sdk/imt_sdk_win_32/winavr/bin/../lib/gcc/avr/4.3.3/avr5\libgcc.a(_exit.o)
 .data          0x008000dc        0x0 f:/programs/01- embedded systems avr tools-20221202t093403z-001/01- embedded systems avr tools/01- imt sdk/imt_sdk_win_32/winavr/bin/../lib/gcc/avr/4.3.3/avr5\libgcc.a(_copy_data.o)
 .data          0x008000dc        0x0 f:/programs/01- embedded systems avr tools-20221202t093403z-001/01- embedded systems avr tools/01- imt sdk/imt_sdk_win_32/winavr/bin/../lib/gcc/avr/4.3.3/avr5\libgcc.a(_clear_bss.o)
 .data          0x008000dc        0x0 f:/programs/01- embedded systems avr tools-20221202t093403z-001/01- embedded systems avr tools/01- imt sdk/imt_sdk_win_32/winavr/bin/../lib/gcc/avr/4.3.3/avr5\libgcc.a(_fixunssfsi.o)
 .data          0x008000dc        0x0 f:/programs/01- embedded systems avr tools-20221202t093403z-001/01- embedded systems avr tools/01- imt sdk/imt_sdk_win_32/winavr/bin/../lib/gcc/avr/4.3.3/avr5\libgcc.a(_addsub_sf.o)
 .data          0x008000dc        0x0 f:/programs/01- embedded systems avr tools-20221202t093403z-001/01- embedded systems avr tools/01- imt sdk/imt_sdk_win_32/winavr/bin/../lib/gcc/avr/4.3.3/avr5\libgcc.a(_mul_sf.o)
 .data          0x008000dc        0x0 f:/programs/01- embedded systems avr tools-20221202t093403z-001/01- embedded systems avr tools/01- imt sdk/imt_sdk_win_32/winavr/bin/../lib/gcc/avr/4.3.3/avr5\libgcc.a(_div_sf.o)
 .data          0x008000dc        0x0 f:/programs/01- embedded systems avr tools-20221202t093403z-001/01- embedded systems avr tools/01- imt sdk/imt_sdk_win_32/winavr/bin/../lib/gcc/avr/4.3.3/avr5\libgcc.a(_ge_sf.o)
 .data          0x008000dc        0x0 f:/programs/01- embedded systems avr tools-20221202t093403z-001/01- embedded systems avr tools/01- imt sdk/imt_sdk_win_32/winavr/bin/../lib/gcc/avr/4.3.3/avr5\libgcc.a(_lt_sf.o)
 .data          0x008000dc        0x0 f:/programs/01- embedded systems avr tools-20221202t093403z-001/01- embedded systems avr tools/01- imt sdk/imt_sdk_win_32/winavr/bin/../lib/gcc/avr/4.3.3/avr5\libgcc.a(_si_to_sf.o)
 .data          0x008000dc        0x0 f:/programs/01- embedded systems avr tools-20221202t093403z-001/01- embedded systems avr tools/01- imt sdk/imt_sdk_win_32/winavr/bin/../lib/gcc/avr/4.3.3/avr5\libgcc.a(_sf_to_si.o)
 .data          0x008000dc        0x8 f:/programs/01- embedded systems avr tools-20221202t093403z-001/01- embedded systems avr tools/01- imt sdk/imt_sdk_win_32/winavr/bin/../lib/gcc/avr/4.3.3/avr5\libgcc.a(_thenan_sf.o)
                0x008000dc                __thenan_sf
 .data          0x008000e4        0x0 f:/programs/01- embedded systems avr tools-20221202t093403z-001/01- embedded systems avr tools/01- imt sdk/imt_sdk_win_32/winavr/bin/../lib/gcc/avr/4.3.3/avr5\libgcc.a(_usi_to_sf.o)
 .data          0x008000e4        0x0 f:/programs/01- embedded systems avr tools-20221202t093403z-001/01- embedded systems avr tools/01- imt sdk/imt_sdk_win_32/winavr/bin/../lib/gcc/avr/4.3.3/avr5\libgcc.a(_prologue.o)
 .data          0x008000e4        0x0 f:/programs/01- embedded systems avr tools-20221202t093403z-001/01- embedded systems avr tools/01- imt sdk/imt_sdk_win_32/winavr/bin/../lib/gcc/avr/4.3.3/avr5\libgcc.a(_epilogue.o)
 .data          0x008000e4        0x0 f:/programs/01- embedded systems avr tools-20221202t093403z-001/01- embedded systems avr tools/01- imt sdk/imt_sdk_win_32/winavr/bin/../lib/gcc/avr/4.3.3/avr5\libgcc.a(_clzsi2.o)
 .data          0x008000e4        0x0 f:/programs/01- embedded systems avr tools-20221202t093403z-001/01- embedded systems avr tools/01- imt sdk/imt_sdk_win_32/winavr/bin/../lib/gcc/avr/4.3.3/avr5\libgcc.a(_pack_sf.o)
 .data          0x008000e4        0x0 f:/programs/01- embedded systems avr tools-20221202t093403z-001/01- embedded systems avr tools/01- imt sdk/imt_sdk_win_32/winavr/bin/../lib/gcc/avr/4.3.3/avr5\libgcc.a(_unpack_sf.o)
 .data          0x008000e4        0x0 f:/programs/01- embedded systems avr tools-20221202t093403z-001/01- embedded systems avr tools/01- imt sdk/imt_sdk_win_32/winavr/bin/../lib/gcc/avr/4.3.3/avr5\libgcc.a(_fpcmp_parts_sf.o)
 .data          0x008000e4      0x100 f:/programs/01- embedded systems avr tools-20221202t093403z-001/01- embedded systems avr tools/01- imt sdk/imt_sdk_win_32/winavr/bin/../lib/gcc/avr/4.3.3/avr5\libgcc.a(_clz.o)
                0x008000e4                __clz_tab
 *(.data*)
 .data.SwitchValue
                0x008001e4       0x10 ./HAL/KEYPAD/KEYPAD.o
                0x008001e4                SwitchValue
 .data.mainView
                0x008001f4        0x1 ./main.o
 .data.myDefaultPass.1440
                0x008001f5        0x5 ./main.o
 *(.rodata)
 *(.rodata*)
 *(.gnu.linkonce.d*)
                0x008001fa                . = ALIGN (0x2)
                0x008001fa                _edata = .
                0x008001fa                PROVIDE (__data_end, .)

.bss            0x008001fa       0x1d
                0x008001fa                PROVIDE (__bss_start, .)
 *(.bss)
 .bss           0x008001fa        0x0 f:/programs/01- embedded systems avr tools-20221202t093403z-001/01- embedded systems avr tools/01- imt sdk/imt_sdk_win_32/winavr/bin/../lib/gcc/avr/4.3.3/../../../../avr/lib/avr5/crtm32.o
 .bss           0x008001fa        0x0 ./MCAL/WDT/WDT.o
 .bss           0x008001fa        0x0 ./MCAL/TWI/TWI.o
 .bss           0x008001fa        0x0 ./MCAL/TIMER1/TIMER1.o
 .bss           0x008001fa        0x0 ./MCAL/TIMER0/TIMER0.o
 .bss           0x008001fa        0x0 ./MCAL/GLOBAL_INT/GLOBAL_INT.o
 .bss           0x008001fa        0x0 ./MCAL/EXT_INT/EXT_INT.o
 .bss           0x008001fa        0x0 ./MCAL/DIO/DIO.o
 .bss           0x008001fa        0x0 ./MCAL/ADC/ADC.o
 .bss           0x008001fa        0x0 ./HAL/TEMP_SENSOR/TEMP_SENSOR.o
 .bss           0x008001fa        0x0 ./HAL/SWITCH/SWITCH.o
 .bss           0x008001fa        0x0 ./HAL/LED/LED.o
 .bss           0x008001fa        0x0 ./HAL/LDR/LDR.o
 .bss           0x008001fa        0x0 ./HAL/LCD/LCD.o
 .bss           0x008001fa        0x0 ./HAL/KEYPAD/KEYPAD.o
 .bss           0x008001fa        0x0 ./HAL/EEPROM/EEPROM.o
 .bss           0x008001fa        0x0 ./HAL/DC_MOTOR/DC_MOTOR.o
 .bss           0x008001fa        0x0 ./main.o
 .bss           0x008001fa        0x0 f:/programs/01- embedded systems avr tools-20221202t093403z-001/01- embedded systems avr tools/01- imt sdk/imt_sdk_win_32/winavr/bin/../lib/gcc/avr/4.3.3/avr5\libgcc.a(_mulsi3.o)
 .bss           0x008001fa        0x0 f:/programs/01- embedded systems avr tools-20221202t093403z-001/01- embedded systems avr tools/01- imt sdk/imt_sdk_win_32/winavr/bin/../lib/gcc/avr/4.3.3/avr5\libgcc.a(_udivmodsi4.o)
 .bss           0x008001fa        0x0 f:/programs/01- embedded systems avr tools-20221202t093403z-001/01- embedded systems avr tools/01- imt sdk/imt_sdk_win_32/winavr/bin/../lib/gcc/avr/4.3.3/avr5\libgcc.a(_exit.o)
 .bss           0x008001fa        0x0 f:/programs/01- embedded systems avr tools-20221202t093403z-001/01- embedded systems avr tools/01- imt sdk/imt_sdk_win_32/winavr/bin/../lib/gcc/avr/4.3.3/avr5\libgcc.a(_copy_data.o)
 .bss           0x008001fa        0x0 f:/programs/01- embedded systems avr tools-20221202t093403z-001/01- embedded systems avr tools/01- imt sdk/imt_sdk_win_32/winavr/bin/../lib/gcc/avr/4.3.3/avr5\libgcc.a(_clear_bss.o)
 .bss           0x008001fa        0x0 f:/programs/01- embedded systems avr tools-20221202t093403z-001/01- embedded systems avr tools/01- imt sdk/imt_sdk_win_32/winavr/bin/../lib/gcc/avr/4.3.3/avr5\libgcc.a(_fixunssfsi.o)
 .bss           0x008001fa        0x0 f:/programs/01- embedded systems avr tools-20221202t093403z-001/01- embedded systems avr tools/01- imt sdk/imt_sdk_win_32/winavr/bin/../lib/gcc/avr/4.3.3/avr5\libgcc.a(_addsub_sf.o)
 .bss           0x008001fa        0x0 f:/programs/01- embedded systems avr tools-20221202t093403z-001/01- embedded systems avr tools/01- imt sdk/imt_sdk_win_32/winavr/bin/../lib/gcc/avr/4.3.3/avr5\libgcc.a(_mul_sf.o)
 .bss           0x008001fa        0x0 f:/programs/01- embedded systems avr tools-20221202t093403z-001/01- embedded systems avr tools/01- imt sdk/imt_sdk_win_32/winavr/bin/../lib/gcc/avr/4.3.3/avr5\libgcc.a(_div_sf.o)
 .bss           0x008001fa        0x0 f:/programs/01- embedded systems avr tools-20221202t093403z-001/01- embedded systems avr tools/01- imt sdk/imt_sdk_win_32/winavr/bin/../lib/gcc/avr/4.3.3/avr5\libgcc.a(_ge_sf.o)
 .bss           0x008001fa        0x0 f:/programs/01- embedded systems avr tools-20221202t093403z-001/01- embedded systems avr tools/01- imt sdk/imt_sdk_win_32/winavr/bin/../lib/gcc/avr/4.3.3/avr5\libgcc.a(_lt_sf.o)
 .bss           0x008001fa        0x0 f:/programs/01- embedded systems avr tools-20221202t093403z-001/01- embedded systems avr tools/01- imt sdk/imt_sdk_win_32/winavr/bin/../lib/gcc/avr/4.3.3/avr5\libgcc.a(_si_to_sf.o)
 .bss           0x008001fa        0x0 f:/programs/01- embedded systems avr tools-20221202t093403z-001/01- embedded systems avr tools/01- imt sdk/imt_sdk_win_32/winavr/bin/../lib/gcc/avr/4.3.3/avr5\libgcc.a(_sf_to_si.o)
 .bss           0x008001fa        0x0 f:/programs/01- embedded systems avr tools-20221202t093403z-001/01- embedded systems avr tools/01- imt sdk/imt_sdk_win_32/winavr/bin/../lib/gcc/avr/4.3.3/avr5\libgcc.a(_thenan_sf.o)
 .bss           0x008001fa        0x0 f:/programs/01- embedded systems avr tools-20221202t093403z-001/01- embedded systems avr tools/01- imt sdk/imt_sdk_win_32/winavr/bin/../lib/gcc/avr/4.3.3/avr5\libgcc.a(_usi_to_sf.o)
 .bss           0x008001fa        0x0 f:/programs/01- embedded systems avr tools-20221202t093403z-001/01- embedded systems avr tools/01- imt sdk/imt_sdk_win_32/winavr/bin/../lib/gcc/avr/4.3.3/avr5\libgcc.a(_prologue.o)
 .bss           0x008001fa        0x0 f:/programs/01- embedded systems avr tools-20221202t093403z-001/01- embedded systems avr tools/01- imt sdk/imt_sdk_win_32/winavr/bin/../lib/gcc/avr/4.3.3/avr5\libgcc.a(_epilogue.o)
 .bss           0x008001fa        0x0 f:/programs/01- embedded systems avr tools-20221202t093403z-001/01- embedded systems avr tools/01- imt sdk/imt_sdk_win_32/winavr/bin/../lib/gcc/avr/4.3.3/avr5\libgcc.a(_clzsi2.o)
 .bss           0x008001fa        0x0 f:/programs/01- embedded systems avr tools-20221202t093403z-001/01- embedded systems avr tools/01- imt sdk/imt_sdk_win_32/winavr/bin/../lib/gcc/avr/4.3.3/avr5\libgcc.a(_pack_sf.o)
 .bss           0x008001fa        0x0 f:/programs/01- embedded systems avr tools-20221202t093403z-001/01- embedded systems avr tools/01- imt sdk/imt_sdk_win_32/winavr/bin/../lib/gcc/avr/4.3.3/avr5\libgcc.a(_unpack_sf.o)
 .bss           0x008001fa        0x0 f:/programs/01- embedded systems avr tools-20221202t093403z-001/01- embedded systems avr tools/01- imt sdk/imt_sdk_win_32/winavr/bin/../lib/gcc/avr/4.3.3/avr5\libgcc.a(_fpcmp_parts_sf.o)
 .bss           0x008001fa        0x0 f:/programs/01- embedded systems avr tools-20221202t093403z-001/01- embedded systems avr tools/01- imt sdk/imt_sdk_win_32/winavr/bin/../lib/gcc/avr/4.3.3/avr5\libgcc.a(_clz.o)
 *(.bss*)
 .bss.TIMER0_Num_Of_OVF
                0x008001fa        0x4 ./MCAL/TIMER0/TIMER0.o
                0x008001fa                TIMER0_Num_Of_OVF
 .bss.TIMER0_Pre_Load_Value
                0x008001fe        0x4 ./MCAL/TIMER0/TIMER0.o
                0x008001fe                TIMER0_Pre_Load_Value
 .bss.counter   0x00800202        0x4 ./MCAL/TIMER0/TIMER0.o
 .bss.i         0x00800206        0x1 ./main.o
 .bss.passwordToken
                0x00800207        0x1 ./main.o
 .bss.defaultPassIndex
                0x00800208        0x1 ./main.o
 .bss.loginToken
                0x00800209        0x1 ./main.o
 .bss.modes     0x0080020a        0x1 ./main.o
 .bss.count_pass.1494
                0x0080020b        0x2 ./main.o
 .bss.secondViewToken
                0x0080020d        0x1 ./main.o
 .bss.firstViewToken
                0x0080020e        0x1 ./main.o
 *(COMMON)
 COMMON         0x0080020f        0x2 ./MCAL/TIMER0/TIMER0.o
                0x0080020f                TIMER0_CALL_BACK_PF
 COMMON         0x00800211        0x6 ./MCAL/EXT_INT/EXT_INT.o
                0x00800211                EXT0_PF
                0x00800213                EXT2_PF
                0x00800215                EXT1_PF
                0x00800217                PROVIDE (__bss_end, .)
                0x000028ca                __data_load_start = LOADADDR (.data)
                0x00002a64                __data_load_end = (__data_load_start + SIZEOF (.data))

.noinit         0x00800217        0x0
                0x00800217                PROVIDE (__noinit_start, .)
 *(.noinit*)
                0x00800217                PROVIDE (__noinit_end, .)
                0x00800217                _end = .
                0x00800217                PROVIDE (__heap_start, .)

.eeprom         0x00810000        0x0
 *(.eeprom*)
                0x00810000                __eeprom_end = .

.fuse
 *(.fuse)
 *(.lfuse)
 *(.hfuse)
 *(.efuse)

.lock
 *(.lock*)

.signature
 *(.signature*)

.stab
 *(.stab)

.stabstr
 *(.stabstr)

.stab.excl
 *(.stab.excl)

.stab.exclstr
 *(.stab.exclstr)

.stab.index
 *(.stab.index)

.stab.indexstr
 *(.stab.indexstr)

.comment
 *(.comment)

.debug
 *(.debug)

.line
 *(.line)

.debug_srcinfo
 *(.debug_srcinfo)

.debug_sfnames
 *(.debug_sfnames)

.debug_aranges  0x00000000      0x1a0
 *(.debug_aranges)
 .debug_aranges
                0x00000000       0x20 f:/programs/01- embedded systems avr tools-20221202t093403z-001/01- embedded systems avr tools/01- imt sdk/imt_sdk_win_32/winavr/bin/../lib/gcc/avr/4.3.3/avr5\libgcc.a(_fixunssfsi.o)
 .debug_aranges
                0x00000020       0x20 f:/programs/01- embedded systems avr tools-20221202t093403z-001/01- embedded systems avr tools/01- imt sdk/imt_sdk_win_32/winavr/bin/../lib/gcc/avr/4.3.3/avr5\libgcc.a(_addsub_sf.o)
 .debug_aranges
                0x00000040       0x20 f:/programs/01- embedded systems avr tools-20221202t093403z-001/01- embedded systems avr tools/01- imt sdk/imt_sdk_win_32/winavr/bin/../lib/gcc/avr/4.3.3/avr5\libgcc.a(_mul_sf.o)
 .debug_aranges
                0x00000060       0x20 f:/programs/01- embedded systems avr tools-20221202t093403z-001/01- embedded systems avr tools/01- imt sdk/imt_sdk_win_32/winavr/bin/../lib/gcc/avr/4.3.3/avr5\libgcc.a(_div_sf.o)
 .debug_aranges
                0x00000080       0x20 f:/programs/01- embedded systems avr tools-20221202t093403z-001/01- embedded systems avr tools/01- imt sdk/imt_sdk_win_32/winavr/bin/../lib/gcc/avr/4.3.3/avr5\libgcc.a(_ge_sf.o)
 .debug_aranges
                0x000000a0       0x20 f:/programs/01- embedded systems avr tools-20221202t093403z-001/01- embedded systems avr tools/01- imt sdk/imt_sdk_win_32/winavr/bin/../lib/gcc/avr/4.3.3/avr5\libgcc.a(_lt_sf.o)
 .debug_aranges
                0x000000c0       0x20 f:/programs/01- embedded systems avr tools-20221202t093403z-001/01- embedded systems avr tools/01- imt sdk/imt_sdk_win_32/winavr/bin/../lib/gcc/avr/4.3.3/avr5\libgcc.a(_si_to_sf.o)
 .debug_aranges
                0x000000e0       0x20 f:/programs/01- embedded systems avr tools-20221202t093403z-001/01- embedded systems avr tools/01- imt sdk/imt_sdk_win_32/winavr/bin/../lib/gcc/avr/4.3.3/avr5\libgcc.a(_sf_to_si.o)
 .debug_aranges
                0x00000100       0x20 f:/programs/01- embedded systems avr tools-20221202t093403z-001/01- embedded systems avr tools/01- imt sdk/imt_sdk_win_32/winavr/bin/../lib/gcc/avr/4.3.3/avr5\libgcc.a(_usi_to_sf.o)
 .debug_aranges
                0x00000120       0x20 f:/programs/01- embedded systems avr tools-20221202t093403z-001/01- embedded systems avr tools/01- imt sdk/imt_sdk_win_32/winavr/bin/../lib/gcc/avr/4.3.3/avr5\libgcc.a(_clzsi2.o)
 .debug_aranges
                0x00000140       0x20 f:/programs/01- embedded systems avr tools-20221202t093403z-001/01- embedded systems avr tools/01- imt sdk/imt_sdk_win_32/winavr/bin/../lib/gcc/avr/4.3.3/avr5\libgcc.a(_pack_sf.o)
 .debug_aranges
                0x00000160       0x20 f:/programs/01- embedded systems avr tools-20221202t093403z-001/01- embedded systems avr tools/01- imt sdk/imt_sdk_win_32/winavr/bin/../lib/gcc/avr/4.3.3/avr5\libgcc.a(_unpack_sf.o)
 .debug_aranges
                0x00000180       0x20 f:/programs/01- embedded systems avr tools-20221202t093403z-001/01- embedded systems avr tools/01- imt sdk/imt_sdk_win_32/winavr/bin/../lib/gcc/avr/4.3.3/avr5\libgcc.a(_fpcmp_parts_sf.o)

.debug_pubnames
                0x00000000      0x1f6
 *(.debug_pubnames)
 .debug_pubnames
                0x00000000       0x23 f:/programs/01- embedded systems avr tools-20221202t093403z-001/01- embedded systems avr tools/01- imt sdk/imt_sdk_win_32/winavr/bin/../lib/gcc/avr/4.3.3/avr5\libgcc.a(_fixunssfsi.o)
 .debug_pubnames
                0x00000023       0x2c f:/programs/01- embedded systems avr tools-20221202t093403z-001/01- embedded systems avr tools/01- imt sdk/imt_sdk_win_32/winavr/bin/../lib/gcc/avr/4.3.3/avr5\libgcc.a(_addsub_sf.o)
 .debug_pubnames
                0x0000004f       0x1f f:/programs/01- embedded systems avr tools-20221202t093403z-001/01- embedded systems avr tools/01- imt sdk/imt_sdk_win_32/winavr/bin/../lib/gcc/avr/4.3.3/avr5\libgcc.a(_mul_sf.o)
 .debug_pubnames
                0x0000006e       0x1f f:/programs/01- embedded systems avr tools-20221202t093403z-001/01- embedded systems avr tools/01- imt sdk/imt_sdk_win_32/winavr/bin/../lib/gcc/avr/4.3.3/avr5\libgcc.a(_div_sf.o)
 .debug_pubnames
                0x0000008d       0x1e f:/programs/01- embedded systems avr tools-20221202t093403z-001/01- embedded systems avr tools/01- imt sdk/imt_sdk_win_32/winavr/bin/../lib/gcc/avr/4.3.3/avr5\libgcc.a(_ge_sf.o)
 .debug_pubnames
                0x000000ab       0x1e f:/programs/01- embedded systems avr tools-20221202t093403z-001/01- embedded systems avr tools/01- imt sdk/imt_sdk_win_32/winavr/bin/../lib/gcc/avr/4.3.3/avr5\libgcc.a(_lt_sf.o)
 .debug_pubnames
                0x000000c9       0x22 f:/programs/01- embedded systems avr tools-20221202t093403z-001/01- embedded systems avr tools/01- imt sdk/imt_sdk_win_32/winavr/bin/../lib/gcc/avr/4.3.3/avr5\libgcc.a(_si_to_sf.o)
 .debug_pubnames
                0x000000eb       0x20 f:/programs/01- embedded systems avr tools-20221202t093403z-001/01- embedded systems avr tools/01- imt sdk/imt_sdk_win_32/winavr/bin/../lib/gcc/avr/4.3.3/avr5\libgcc.a(_sf_to_si.o)
 .debug_pubnames
                0x0000010b       0x22 f:/programs/01- embedded systems avr tools-20221202t093403z-001/01- embedded systems avr tools/01- imt sdk/imt_sdk_win_32/winavr/bin/../lib/gcc/avr/4.3.3/avr5\libgcc.a(_thenan_sf.o)
 .debug_pubnames
                0x0000012d       0x24 f:/programs/01- embedded systems avr tools-20221202t093403z-001/01- embedded systems avr tools/01- imt sdk/imt_sdk_win_32/winavr/bin/../lib/gcc/avr/4.3.3/avr5\libgcc.a(_usi_to_sf.o)
 .debug_pubnames
                0x00000151       0x1f f:/programs/01- embedded systems avr tools-20221202t093403z-001/01- embedded systems avr tools/01- imt sdk/imt_sdk_win_32/winavr/bin/../lib/gcc/avr/4.3.3/avr5\libgcc.a(_clzsi2.o)
 .debug_pubnames
                0x00000170       0x1f f:/programs/01- embedded systems avr tools-20221202t093403z-001/01- embedded systems avr tools/01- imt sdk/imt_sdk_win_32/winavr/bin/../lib/gcc/avr/4.3.3/avr5\libgcc.a(_pack_sf.o)
 .debug_pubnames
                0x0000018f       0x21 f:/programs/01- embedded systems avr tools-20221202t093403z-001/01- embedded systems avr tools/01- imt sdk/imt_sdk_win_32/winavr/bin/../lib/gcc/avr/4.3.3/avr5\libgcc.a(_unpack_sf.o)
 .debug_pubnames
                0x000001b0       0x26 f:/programs/01- embedded systems avr tools-20221202t093403z-001/01- embedded systems avr tools/01- imt sdk/imt_sdk_win_32/winavr/bin/../lib/gcc/avr/4.3.3/avr5\libgcc.a(_fpcmp_parts_sf.o)
 .debug_pubnames
                0x000001d6       0x20 f:/programs/01- embedded systems avr tools-20221202t093403z-001/01- embedded systems avr tools/01- imt sdk/imt_sdk_win_32/winavr/bin/../lib/gcc/avr/4.3.3/avr5\libgcc.a(_clz.o)

.debug_info     0x00000000     0x2393
 *(.debug_info)
 .debug_info    0x00000000       0xb1 f:/programs/01- embedded systems avr tools-20221202t093403z-001/01- embedded systems avr tools/01- imt sdk/imt_sdk_win_32/winavr/bin/../lib/gcc/avr/4.3.3/avr5\libgcc.a(_fixunssfsi.o)
 .debug_info    0x000000b1      0x47a f:/programs/01- embedded systems avr tools-20221202t093403z-001/01- embedded systems avr tools/01- imt sdk/imt_sdk_win_32/winavr/bin/../lib/gcc/avr/4.3.3/avr5\libgcc.a(_addsub_sf.o)
 .debug_info    0x0000052b      0x485 f:/programs/01- embedded systems avr tools-20221202t093403z-001/01- embedded systems avr tools/01- imt sdk/imt_sdk_win_32/winavr/bin/../lib/gcc/avr/4.3.3/avr5\libgcc.a(_mul_sf.o)
 .debug_info    0x000009b0      0x3fc f:/programs/01- embedded systems avr tools-20221202t093403z-001/01- embedded systems avr tools/01- imt sdk/imt_sdk_win_32/winavr/bin/../lib/gcc/avr/4.3.3/avr5\libgcc.a(_div_sf.o)
 .debug_info    0x00000dac      0x27f f:/programs/01- embedded systems avr tools-20221202t093403z-001/01- embedded systems avr tools/01- imt sdk/imt_sdk_win_32/winavr/bin/../lib/gcc/avr/4.3.3/avr5\libgcc.a(_ge_sf.o)
 .debug_info    0x0000102b      0x27f f:/programs/01- embedded systems avr tools-20221202t093403z-001/01- embedded systems avr tools/01- imt sdk/imt_sdk_win_32/winavr/bin/../lib/gcc/avr/4.3.3/avr5\libgcc.a(_lt_sf.o)
 .debug_info    0x000012aa      0x207 f:/programs/01- embedded systems avr tools-20221202t093403z-001/01- embedded systems avr tools/01- imt sdk/imt_sdk_win_32/winavr/bin/../lib/gcc/avr/4.3.3/avr5\libgcc.a(_si_to_sf.o)
 .debug_info    0x000014b1      0x2b0 f:/programs/01- embedded systems avr tools-20221202t093403z-001/01- embedded systems avr tools/01- imt sdk/imt_sdk_win_32/winavr/bin/../lib/gcc/avr/4.3.3/avr5\libgcc.a(_sf_to_si.o)
 .debug_info    0x00001761      0x12c f:/programs/01- embedded systems avr tools-20221202t093403z-001/01- embedded systems avr tools/01- imt sdk/imt_sdk_win_32/winavr/bin/../lib/gcc/avr/4.3.3/avr5\libgcc.a(_thenan_sf.o)
 .debug_info    0x0000188d      0x206 f:/programs/01- embedded systems avr tools-20221202t093403z-001/01- embedded systems avr tools/01- imt sdk/imt_sdk_win_32/winavr/bin/../lib/gcc/avr/4.3.3/avr5\libgcc.a(_usi_to_sf.o)
 .debug_info    0x00001a93      0x117 f:/programs/01- embedded systems avr tools-20221202t093403z-001/01- embedded systems avr tools/01- imt sdk/imt_sdk_win_32/winavr/bin/../lib/gcc/avr/4.3.3/avr5\libgcc.a(_clzsi2.o)
 .debug_info    0x00001baa      0x2df f:/programs/01- embedded systems avr tools-20221202t093403z-001/01- embedded systems avr tools/01- imt sdk/imt_sdk_win_32/winavr/bin/../lib/gcc/avr/4.3.3/avr5\libgcc.a(_pack_sf.o)
 .debug_info    0x00001e89      0x251 f:/programs/01- embedded systems avr tools-20221202t093403z-001/01- embedded systems avr tools/01- imt sdk/imt_sdk_win_32/winavr/bin/../lib/gcc/avr/4.3.3/avr5\libgcc.a(_unpack_sf.o)
 .debug_info    0x000020da      0x210 f:/programs/01- embedded systems avr tools-20221202t093403z-001/01- embedded systems avr tools/01- imt sdk/imt_sdk_win_32/winavr/bin/../lib/gcc/avr/4.3.3/avr5\libgcc.a(_fpcmp_parts_sf.o)
 .debug_info    0x000022ea       0xa9 f:/programs/01- embedded systems avr tools-20221202t093403z-001/01- embedded systems avr tools/01- imt sdk/imt_sdk_win_32/winavr/bin/../lib/gcc/avr/4.3.3/avr5\libgcc.a(_clz.o)
 *(.gnu.linkonce.wi.*)

.debug_abbrev   0x00000000     0x1374
 *(.debug_abbrev)
 .debug_abbrev  0x00000000       0x5d f:/programs/01- embedded systems avr tools-20221202t093403z-001/01- embedded systems avr tools/01- imt sdk/imt_sdk_win_32/winavr/bin/../lib/gcc/avr/4.3.3/avr5\libgcc.a(_fixunssfsi.o)
 .debug_abbrev  0x0000005d      0x1ea f:/programs/01- embedded systems avr tools-20221202t093403z-001/01- embedded systems avr tools/01- imt sdk/imt_sdk_win_32/winavr/bin/../lib/gcc/avr/4.3.3/avr5\libgcc.a(_addsub_sf.o)
 .debug_abbrev  0x00000247      0x21b f:/programs/01- embedded systems avr tools-20221202t093403z-001/01- embedded systems avr tools/01- imt sdk/imt_sdk_win_32/winavr/bin/../lib/gcc/avr/4.3.3/avr5\libgcc.a(_mul_sf.o)
 .debug_abbrev  0x00000462      0x216 f:/programs/01- embedded systems avr tools-20221202t093403z-001/01- embedded systems avr tools/01- imt sdk/imt_sdk_win_32/winavr/bin/../lib/gcc/avr/4.3.3/avr5\libgcc.a(_div_sf.o)
 .debug_abbrev  0x00000678      0x15a f:/programs/01- embedded systems avr tools-20221202t093403z-001/01- embedded systems avr tools/01- imt sdk/imt_sdk_win_32/winavr/bin/../lib/gcc/avr/4.3.3/avr5\libgcc.a(_ge_sf.o)
 .debug_abbrev  0x000007d2      0x15a f:/programs/01- embedded systems avr tools-20221202t093403z-001/01- embedded systems avr tools/01- imt sdk/imt_sdk_win_32/winavr/bin/../lib/gcc/avr/4.3.3/avr5\libgcc.a(_lt_sf.o)
 .debug_abbrev  0x0000092c      0x148 f:/programs/01- embedded systems avr tools-20221202t093403z-001/01- embedded systems avr tools/01- imt sdk/imt_sdk_win_32/winavr/bin/../lib/gcc/avr/4.3.3/avr5\libgcc.a(_si_to_sf.o)
 .debug_abbrev  0x00000a74      0x17f f:/programs/01- embedded systems avr tools-20221202t093403z-001/01- embedded systems avr tools/01- imt sdk/imt_sdk_win_32/winavr/bin/../lib/gcc/avr/4.3.3/avr5\libgcc.a(_sf_to_si.o)
 .debug_abbrev  0x00000bf3       0xad f:/programs/01- embedded systems avr tools-20221202t093403z-001/01- embedded systems avr tools/01- imt sdk/imt_sdk_win_32/winavr/bin/../lib/gcc/avr/4.3.3/avr5\libgcc.a(_thenan_sf.o)
 .debug_abbrev  0x00000ca0      0x157 f:/programs/01- embedded systems avr tools-20221202t093403z-001/01- embedded systems avr tools/01- imt sdk/imt_sdk_win_32/winavr/bin/../lib/gcc/avr/4.3.3/avr5\libgcc.a(_usi_to_sf.o)
 .debug_abbrev  0x00000df7       0xc4 f:/programs/01- embedded systems avr tools-20221202t093403z-001/01- embedded systems avr tools/01- imt sdk/imt_sdk_win_32/winavr/bin/../lib/gcc/avr/4.3.3/avr5\libgcc.a(_clzsi2.o)
 .debug_abbrev  0x00000ebb      0x1c0 f:/programs/01- embedded systems avr tools-20221202t093403z-001/01- embedded systems avr tools/01- imt sdk/imt_sdk_win_32/winavr/bin/../lib/gcc/avr/4.3.3/avr5\libgcc.a(_pack_sf.o)
 .debug_abbrev  0x0000107b      0x154 f:/programs/01- embedded systems avr tools-20221202t093403z-001/01- embedded systems avr tools/01- imt sdk/imt_sdk_win_32/winavr/bin/../lib/gcc/avr/4.3.3/avr5\libgcc.a(_unpack_sf.o)
 .debug_abbrev  0x000011cf      0x13b f:/programs/01- embedded systems avr tools-20221202t093403z-001/01- embedded systems avr tools/01- imt sdk/imt_sdk_win_32/winavr/bin/../lib/gcc/avr/4.3.3/avr5\libgcc.a(_fpcmp_parts_sf.o)
 .debug_abbrev  0x0000130a       0x6a f:/programs/01- embedded systems avr tools-20221202t093403z-001/01- embedded systems avr tools/01- imt sdk/imt_sdk_win_32/winavr/bin/../lib/gcc/avr/4.3.3/avr5\libgcc.a(_clz.o)

.debug_line     0x00000000     0x1238
 *(.debug_line)
 .debug_line    0x00000000       0xa7 f:/programs/01- embedded systems avr tools-20221202t093403z-001/01- embedded systems avr tools/01- imt sdk/imt_sdk_win_32/winavr/bin/../lib/gcc/avr/4.3.3/avr5\libgcc.a(_fixunssfsi.o)
 .debug_line    0x000000a7      0x2af f:/programs/01- embedded systems avr tools-20221202t093403z-001/01- embedded systems avr tools/01- imt sdk/imt_sdk_win_32/winavr/bin/../lib/gcc/avr/4.3.3/avr5\libgcc.a(_addsub_sf.o)
 .debug_line    0x00000356      0x239 f:/programs/01- embedded systems avr tools-20221202t093403z-001/01- embedded systems avr tools/01- imt sdk/imt_sdk_win_32/winavr/bin/../lib/gcc/avr/4.3.3/avr5\libgcc.a(_mul_sf.o)
 .debug_line    0x0000058f      0x1d5 f:/programs/01- embedded systems avr tools-20221202t093403z-001/01- embedded systems avr tools/01- imt sdk/imt_sdk_win_32/winavr/bin/../lib/gcc/avr/4.3.3/avr5\libgcc.a(_div_sf.o)
 .debug_line    0x00000764       0xd3 f:/programs/01- embedded systems avr tools-20221202t093403z-001/01- embedded systems avr tools/01- imt sdk/imt_sdk_win_32/winavr/bin/../lib/gcc/avr/4.3.3/avr5\libgcc.a(_ge_sf.o)
 .debug_line    0x00000837       0xd3 f:/programs/01- embedded systems avr tools-20221202t093403z-001/01- embedded systems avr tools/01- imt sdk/imt_sdk_win_32/winavr/bin/../lib/gcc/avr/4.3.3/avr5\libgcc.a(_lt_sf.o)
 .debug_line    0x0000090a      0x135 f:/programs/01- embedded systems avr tools-20221202t093403z-001/01- embedded systems avr tools/01- imt sdk/imt_sdk_win_32/winavr/bin/../lib/gcc/avr/4.3.3/avr5\libgcc.a(_si_to_sf.o)
 .debug_line    0x00000a3f      0x109 f:/programs/01- embedded systems avr tools-20221202t093403z-001/01- embedded systems avr tools/01- imt sdk/imt_sdk_win_32/winavr/bin/../lib/gcc/avr/4.3.3/avr5\libgcc.a(_sf_to_si.o)
 .debug_line    0x00000b48       0x90 f:/programs/01- embedded systems avr tools-20221202t093403z-001/01- embedded systems avr tools/01- imt sdk/imt_sdk_win_32/winavr/bin/../lib/gcc/avr/4.3.3/avr5\libgcc.a(_thenan_sf.o)
 .debug_line    0x00000bd8      0x133 f:/programs/01- embedded systems avr tools-20221202t093403z-001/01- embedded systems avr tools/01- imt sdk/imt_sdk_win_32/winavr/bin/../lib/gcc/avr/4.3.3/avr5\libgcc.a(_usi_to_sf.o)
 .debug_line    0x00000d0b       0xa5 f:/programs/01- embedded systems avr tools-20221202t093403z-001/01- embedded systems avr tools/01- imt sdk/imt_sdk_win_32/winavr/bin/../lib/gcc/avr/4.3.3/avr5\libgcc.a(_clzsi2.o)
 .debug_line    0x00000db0      0x18a f:/programs/01- embedded systems avr tools-20221202t093403z-001/01- embedded systems avr tools/01- imt sdk/imt_sdk_win_32/winavr/bin/../lib/gcc/avr/4.3.3/avr5\libgcc.a(_pack_sf.o)
 .debug_line    0x00000f3a      0x14b f:/programs/01- embedded systems avr tools-20221202t093403z-001/01- embedded systems avr tools/01- imt sdk/imt_sdk_win_32/winavr/bin/../lib/gcc/avr/4.3.3/avr5\libgcc.a(_unpack_sf.o)
 .debug_line    0x00001085      0x137 f:/programs/01- embedded systems avr tools-20221202t093403z-001/01- embedded systems avr tools/01- imt sdk/imt_sdk_win_32/winavr/bin/../lib/gcc/avr/4.3.3/avr5\libgcc.a(_fpcmp_parts_sf.o)
 .debug_line    0x000011bc       0x7c f:/programs/01- embedded systems avr tools-20221202t093403z-001/01- embedded systems avr tools/01- imt sdk/imt_sdk_win_32/winavr/bin/../lib/gcc/avr/4.3.3/avr5\libgcc.a(_clz.o)

.debug_frame    0x00000000      0x1c0
 *(.debug_frame)
 .debug_frame   0x00000000       0x20 f:/programs/01- embedded systems avr tools-20221202t093403z-001/01- embedded systems avr tools/01- imt sdk/imt_sdk_win_32/winavr/bin/../lib/gcc/avr/4.3.3/avr5\libgcc.a(_fixunssfsi.o)
 .debug_frame   0x00000020       0x40 f:/programs/01- embedded systems avr tools-20221202t093403z-001/01- embedded systems avr tools/01- imt sdk/imt_sdk_win_32/winavr/bin/../lib/gcc/avr/4.3.3/avr5\libgcc.a(_addsub_sf.o)
 .debug_frame   0x00000060       0x20 f:/programs/01- embedded systems avr tools-20221202t093403z-001/01- embedded systems avr tools/01- imt sdk/imt_sdk_win_32/winavr/bin/../lib/gcc/avr/4.3.3/avr5\libgcc.a(_mul_sf.o)
 .debug_frame   0x00000080       0x20 f:/programs/01- embedded systems avr tools-20221202t093403z-001/01- embedded systems avr tools/01- imt sdk/imt_sdk_win_32/winavr/bin/../lib/gcc/avr/4.3.3/avr5\libgcc.a(_div_sf.o)
 .debug_frame   0x000000a0       0x20 f:/programs/01- embedded systems avr tools-20221202t093403z-001/01- embedded systems avr tools/01- imt sdk/imt_sdk_win_32/winavr/bin/../lib/gcc/avr/4.3.3/avr5\libgcc.a(_ge_sf.o)
 .debug_frame   0x000000c0       0x20 f:/programs/01- embedded systems avr tools-20221202t093403z-001/01- embedded systems avr tools/01- imt sdk/imt_sdk_win_32/winavr/bin/../lib/gcc/avr/4.3.3/avr5\libgcc.a(_lt_sf.o)
 .debug_frame   0x000000e0       0x20 f:/programs/01- embedded systems avr tools-20221202t093403z-001/01- embedded systems avr tools/01- imt sdk/imt_sdk_win_32/winavr/bin/../lib/gcc/avr/4.3.3/avr5\libgcc.a(_si_to_sf.o)
 .debug_frame   0x00000100       0x20 f:/programs/01- embedded systems avr tools-20221202t093403z-001/01- embedded systems avr tools/01- imt sdk/imt_sdk_win_32/winavr/bin/../lib/gcc/avr/4.3.3/avr5\libgcc.a(_sf_to_si.o)
 .debug_frame   0x00000120       0x20 f:/programs/01- embedded systems avr tools-20221202t093403z-001/01- embedded systems avr tools/01- imt sdk/imt_sdk_win_32/winavr/bin/../lib/gcc/avr/4.3.3/avr5\libgcc.a(_usi_to_sf.o)
 .debug_frame   0x00000140       0x20 f:/programs/01- embedded systems avr tools-20221202t093403z-001/01- embedded systems avr tools/01- imt sdk/imt_sdk_win_32/winavr/bin/../lib/gcc/avr/4.3.3/avr5\libgcc.a(_clzsi2.o)
 .debug_frame   0x00000160       0x20 f:/programs/01- embedded systems avr tools-20221202t093403z-001/01- embedded systems avr tools/01- imt sdk/imt_sdk_win_32/winavr/bin/../lib/gcc/avr/4.3.3/avr5\libgcc.a(_pack_sf.o)
 .debug_frame   0x00000180       0x20 f:/programs/01- embedded systems avr tools-20221202t093403z-001/01- embedded systems avr tools/01- imt sdk/imt_sdk_win_32/winavr/bin/../lib/gcc/avr/4.3.3/avr5\libgcc.a(_unpack_sf.o)
 .debug_frame   0x000001a0       0x20 f:/programs/01- embedded systems avr tools-20221202t093403z-001/01- embedded systems avr tools/01- imt sdk/imt_sdk_win_32/winavr/bin/../lib/gcc/avr/4.3.3/avr5\libgcc.a(_fpcmp_parts_sf.o)

.debug_str      0x00000000      0x2ff
 *(.debug_str)
 .debug_str     0x00000000       0xbf f:/programs/01- embedded systems avr tools-20221202t093403z-001/01- embedded systems avr tools/01- imt sdk/imt_sdk_win_32/winavr/bin/../lib/gcc/avr/4.3.3/avr5\libgcc.a(_fixunssfsi.o)
                                 0xfe (size before relaxing)
 .debug_str     0x000000bf      0x14d f:/programs/01- embedded systems avr tools-20221202t093403z-001/01- embedded systems avr tools/01- imt sdk/imt_sdk_win_32/winavr/bin/../lib/gcc/avr/4.3.3/avr5\libgcc.a(_addsub_sf.o)
                                0x206 (size before relaxing)
 .debug_str     0x0000020c       0x27 f:/programs/01- embedded systems avr tools-20221202t093403z-001/01- embedded systems avr tools/01- imt sdk/imt_sdk_win_32/winavr/bin/../lib/gcc/avr/4.3.3/avr5\libgcc.a(_mul_sf.o)
                                0x1bf (size before relaxing)
 .debug_str     0x00000233       0x35 f:/programs/01- embedded systems avr tools-20221202t093403z-001/01- embedded systems avr tools/01- imt sdk/imt_sdk_win_32/winavr/bin/../lib/gcc/avr/4.3.3/avr5\libgcc.a(_div_sf.o)
                                0x1c8 (size before relaxing)
 .debug_str     0x00000268        0x8 f:/programs/01- embedded systems avr tools-20221202t093403z-001/01- embedded systems avr tools/01- imt sdk/imt_sdk_win_32/winavr/bin/../lib/gcc/avr/4.3.3/avr5\libgcc.a(_ge_sf.o)
                                0x195 (size before relaxing)
 .debug_str     0x00000270        0x8 f:/programs/01- embedded systems avr tools-20221202t093403z-001/01- embedded systems avr tools/01- imt sdk/imt_sdk_win_32/winavr/bin/../lib/gcc/avr/4.3.3/avr5\libgcc.a(_lt_sf.o)
                                0x195 (size before relaxing)
 .debug_str     0x00000278       0x1e f:/programs/01- embedded systems avr tools-20221202t093403z-001/01- embedded systems avr tools/01- imt sdk/imt_sdk_win_32/winavr/bin/../lib/gcc/avr/4.3.3/avr5\libgcc.a(_si_to_sf.o)
                                0x17b (size before relaxing)
 .debug_str     0x00000296        0xa f:/programs/01- embedded systems avr tools-20221202t093403z-001/01- embedded systems avr tools/01- imt sdk/imt_sdk_win_32/winavr/bin/../lib/gcc/avr/4.3.3/avr5\libgcc.a(_sf_to_si.o)
                                0x19e (size before relaxing)
 .debug_str     0x00000000      0x103 f:/programs/01- embedded systems avr tools-20221202t093403z-001/01- embedded systems avr tools/01- imt sdk/imt_sdk_win_32/winavr/bin/../lib/gcc/avr/4.3.3/avr5\libgcc.a(_thenan_sf.o)
 .debug_str     0x000002a0       0x14 f:/programs/01- embedded systems avr tools-20221202t093403z-001/01- embedded systems avr tools/01- imt sdk/imt_sdk_win_32/winavr/bin/../lib/gcc/avr/4.3.3/avr5\libgcc.a(_usi_to_sf.o)
                                0x177 (size before relaxing)
 .debug_str     0x000002b4       0x20 f:/programs/01- embedded systems avr tools-20221202t093403z-001/01- embedded systems avr tools/01- imt sdk/imt_sdk_win_32/winavr/bin/../lib/gcc/avr/4.3.3/avr5\libgcc.a(_clzsi2.o)
                                0x111 (size before relaxing)
 .debug_str     0x000002d4       0x10 f:/programs/01- embedded systems avr tools-20221202t093403z-001/01- embedded systems avr tools/01- imt sdk/imt_sdk_win_32/winavr/bin/../lib/gcc/avr/4.3.3/avr5\libgcc.a(_pack_sf.o)
                                0x19d (size before relaxing)
 .debug_str     0x000002e4        0xb f:/programs/01- embedded systems avr tools-20221202t093403z-001/01- embedded systems avr tools/01- imt sdk/imt_sdk_win_32/winavr/bin/../lib/gcc/avr/4.3.3/avr5\libgcc.a(_unpack_sf.o)
                                0x17f (size before relaxing)
 .debug_str     0x000002ef       0x10 f:/programs/01- embedded systems avr tools-20221202t093403z-001/01- embedded systems avr tools/01- imt sdk/imt_sdk_win_32/winavr/bin/../lib/gcc/avr/4.3.3/avr5\libgcc.a(_fpcmp_parts_sf.o)
                                0x163 (size before relaxing)
 .debug_str     0x00000000       0xf4 f:/programs/01- embedded systems avr tools-20221202t093403z-001/01- embedded systems avr tools/01- imt sdk/imt_sdk_win_32/winavr/bin/../lib/gcc/avr/4.3.3/avr5\libgcc.a(_clz.o)

.debug_loc      0x00000000      0x9de
 *(.debug_loc)
 .debug_loc     0x00000000       0x34 f:/programs/01- embedded systems avr tools-20221202t093403z-001/01- embedded systems avr tools/01- imt sdk/imt_sdk_win_32/winavr/bin/../lib/gcc/avr/4.3.3/avr5\libgcc.a(_fixunssfsi.o)
 .debug_loc     0x00000034      0x32a f:/programs/01- embedded systems avr tools-20221202t093403z-001/01- embedded systems avr tools/01- imt sdk/imt_sdk_win_32/winavr/bin/../lib/gcc/avr/4.3.3/avr5\libgcc.a(_addsub_sf.o)
 .debug_loc     0x0000035e      0x104 f:/programs/01- embedded systems avr tools-20221202t093403z-001/01- embedded systems avr tools/01- imt sdk/imt_sdk_win_32/winavr/bin/../lib/gcc/avr/4.3.3/avr5\libgcc.a(_mul_sf.o)
 .debug_loc     0x00000462       0xc0 f:/programs/01- embedded systems avr tools-20221202t093403z-001/01- embedded systems avr tools/01- imt sdk/imt_sdk_win_32/winavr/bin/../lib/gcc/avr/4.3.3/avr5\libgcc.a(_div_sf.o)
 .debug_loc     0x00000522       0x3c f:/programs/01- embedded systems avr tools-20221202t093403z-001/01- embedded systems avr tools/01- imt sdk/imt_sdk_win_32/winavr/bin/../lib/gcc/avr/4.3.3/avr5\libgcc.a(_ge_sf.o)
 .debug_loc     0x0000055e       0x3c f:/programs/01- embedded systems avr tools-20221202t093403z-001/01- embedded systems avr tools/01- imt sdk/imt_sdk_win_32/winavr/bin/../lib/gcc/avr/4.3.3/avr5\libgcc.a(_lt_sf.o)
 .debug_loc     0x0000059a       0xac f:/programs/01- embedded systems avr tools-20221202t093403z-001/01- embedded systems avr tools/01- imt sdk/imt_sdk_win_32/winavr/bin/../lib/gcc/avr/4.3.3/avr5\libgcc.a(_si_to_sf.o)
 .debug_loc     0x00000646       0x7e f:/programs/01- embedded systems avr tools-20221202t093403z-001/01- embedded systems avr tools/01- imt sdk/imt_sdk_win_32/winavr/bin/../lib/gcc/avr/4.3.3/avr5\libgcc.a(_sf_to_si.o)
 .debug_loc     0x000006c4       0x4c f:/programs/01- embedded systems avr tools-20221202t093403z-001/01- embedded systems avr tools/01- imt sdk/imt_sdk_win_32/winavr/bin/../lib/gcc/avr/4.3.3/avr5\libgcc.a(_usi_to_sf.o)
 .debug_loc     0x00000710       0x94 f:/programs/01- embedded systems avr tools-20221202t093403z-001/01- embedded systems avr tools/01- imt sdk/imt_sdk_win_32/winavr/bin/../lib/gcc/avr/4.3.3/avr5\libgcc.a(_clzsi2.o)
 .debug_loc     0x000007a4      0x13e f:/programs/01- embedded systems avr tools-20221202t093403z-001/01- embedded systems avr tools/01- imt sdk/imt_sdk_win_32/winavr/bin/../lib/gcc/avr/4.3.3/avr5\libgcc.a(_pack_sf.o)
 .debug_loc     0x000008e2       0xac f:/programs/01- embedded systems avr tools-20221202t093403z-001/01- embedded systems avr tools/01- imt sdk/imt_sdk_win_32/winavr/bin/../lib/gcc/avr/4.3.3/avr5\libgcc.a(_unpack_sf.o)
 .debug_loc     0x0000098e       0x50 f:/programs/01- embedded systems avr tools-20221202t093403z-001/01- embedded systems avr tools/01- imt sdk/imt_sdk_win_32/winavr/bin/../lib/gcc/avr/4.3.3/avr5\libgcc.a(_fpcmp_parts_sf.o)

.debug_macinfo
 *(.debug_macinfo)
OUTPUT(Layered.elf elf32-avr)
LOAD linker stubs

.debug_ranges   0x00000000       0x50
 .debug_ranges  0x00000000       0x50 f:/programs/01- embedded systems avr tools-20221202t093403z-001/01- embedded systems avr tools/01- imt sdk/imt_sdk_win_32/winavr/bin/../lib/gcc/avr/4.3.3/avr5\libgcc.a(_mul_sf.o)
